run_all: 2026-09-26T20:28:38-07:00  VSIG=250000x4  CSIG=250000x4  REF=/home/luck/xzy/0930project/pkc/src/BIT_Bimodal_Triangular_distribution_base/Implementations/Reference_Implementation/BiT-128
=== [20:28:38] victim: honest signatures under a fresh key (pk.bin/key.bin dumped) ===
worker done 250000 -> sigB.bin
worker done 250000 -> sigC.bin
worker done 250000 -> sigA.bin
worker done 250000 -> sigD.bin
=== [20:31:37] attacker calibration: signatures under a DIFFERENT own key (calkey.bin dumped) ===
worker done 250000 -> calC.bin
worker done 250000 -> calA.bin
worker done 250000 -> calD.bin
worker done 250000 -> calB.bin
=== [20:34:31] bilinear estimator ===
est2  done 1000000 sigs -> acc2.bin
est2  done 1000000 sigs -> acc2.bin
est2 [CONTROL rand-sign] done 1000000 sigs -> acc2_ctrl.bin
=== [20:35:51] deconvolve (kernel fit on the calibration key) -> s0_rec.bin ===
wrote s0_rec.bin  (decoded counts {-1: 248, 0: 236, 1: 284})
[SCORING] s0_rec exact 768/768
[SCORING] direct estimator (acc/h0, no deconvolution) exact 450/768
[SCORING/CONTROL] no-shared-sign estimator: exact 236/768  corr=-0.0396 (expect ~chance / ~0)
=== [20:35:51] public-relation finisher + forgery vs the unmodified reference verifier ===
init consistency 768/768
post-finish consistency 768/768
e/b0 unresolved coords=0

== FORGERY (unmodified reference verifier) ==
sign rc=0  verify(correct msg)=0(0=ACCEPT)  verify(wrong msg)=-1(nonzero=REJECT)
RESULT: COMPLETE BREAK — forgery ACCEPTED by reference verifier
[SCORING] final s0 exact 768/768
=== [20:35:51] done ===
