Reduced-scale LoongKEM sub-ring projection recovery
  projection R_15 -> R_5  (N/d=3, sqrt(N/d)=1.7321 noise scaling)
  secret dim n = k*d = 55   scalar samples M = m_blocks*d = 75   q = 8191
  BKZ block size beta = 30   embedding lattice dim = 131
  planted secret sigma_s(empirical)=1.864  projected error sigma_e(empirical)=1.833
  BKZ wall-clock: 5.510 s
  RESULT: EXACT RECOVERY OK  (recovered projected secret == planted secret)
	Command being timed: "sage -python src/recover_reduced.py 55"
	User time (seconds): 6.31
	System time (seconds): 0.27
	Percent of CPU this job got: 100%
	Elapsed (wall clock) time (h:mm:ss or m:ss): 0:06.57
	Average shared text size (kbytes): 0
	Average unshared data size (kbytes): 0
	Average stack size (kbytes): 0
	Average total size (kbytes): 0
	Maximum resident set size (kbytes): 200512
	Average resident set size (kbytes): 0
	Major (requiring I/O) page faults: 0
	Minor (reclaiming a frame) page faults: 52385
	Voluntary context switches: 92
	Involuntary context switches: 33
	Swaps: 0
	File system inputs: 0
	File system outputs: 8
	Socket messages sent: 0
	Socket messages received: 0
	Signals delivered: 0
	Page size (bytes): 4096
	Exit status: 0
