Reduced-scale LoongKEM sub-ring projection recovery
  projection R_12 -> R_4  (N/d=3, sqrt(N/d)=1.7321 noise scaling)
  secret dim n = k*d = 40   scalar samples M = m_blocks*d = 56   q = 8191
  BKZ block size beta = 20   embedding lattice dim = 97
  planted secret sigma_s(empirical)=2.197  projected error sigma_e(empirical)=2.044
  BKZ wall-clock: 1.294 s
  RESULT: EXACT RECOVERY OK  (recovered projected secret == planted secret)
	Command being timed: "sage -python src/recover_reduced.py 40"
	User time (seconds): 2.09
	System time (seconds): 0.24
	Percent of CPU this job got: 100%
	Elapsed (wall clock) time (h:mm:ss or m:ss): 0:02.33
	Average shared text size (kbytes): 0
	Average unshared data size (kbytes): 0
	Average stack size (kbytes): 0
	Average total size (kbytes): 0
	Maximum resident set size (kbytes): 202176
	Average resident set size (kbytes): 0
	Major (requiring I/O) page faults: 0
	Minor (reclaiming a frame) page faults: 41068
	Voluntary context switches: 92
	Involuntary context switches: 35
	Swaps: 0
	File system inputs: 0
	File system outputs: 8
	Socket messages sent: 0
	Socket messages received: 0
	Signals delivered: 0
	Page size (bytes): 4096
	Exit status: 0
