verify 100-byte sig buffer (declared 100)...
=================================================================
==3024975==ERROR: AddressSanitizer: heap-buffer-overflow on address 0x50b0000023b4 at pc 0x5b4cc844944e bp 0x7ffd8d6046b0 sp 0x7ffd8d6046a0
READ of size 1 at 0x50b0000023b4 thread T0
    #0 0x5b4cc844944d in restore_bits <pkg>/work/Opt_256/Fql.h:69
    #1 0x5b4cc844944d in restore_Fq <pkg>/work/Opt_256/Fql.h:88
    #2 0x5b4cc844944d in restore_TSUOV_SIGNATURE <pkg>/work/Opt_256/tsuov.h:153
    #3 0x5b4cc844944d in sig_verify <pkg>/work/Opt_256/SIG_AlgorithmInstance.c:107
    #4 0x5b4cc843ca26 in main <pkg>/src/asan2.c:15
    #5 0x79ce63229d8f in __libc_start_call_main ../sysdeps/nptl/libc_start_call_main.h:58
    #6 0x79ce63229e3f in __libc_start_main_impl ../csu/libc-start.c:392
    #7 0x5b4cc843c524 in _start (<pkg>/work/Opt_256/asan2+0x2524)

0x50b0000023b4 is located 0 bytes to the right of 100-byte region [0x50b000002350,0x50b0000023b4)
allocated by thread T0 here:
    #0 0x79ce636b4887 in __interceptor_malloc ../../../../src/libsanitizer/asan/asan_malloc_linux.cpp:145
    #1 0x5b4cc843c997 in main <pkg>/src/asan2.c:14
    #2 0x79ce63229d8f in __libc_start_call_main ../sysdeps/nptl/libc_start_call_main.h:58

SUMMARY: AddressSanitizer: heap-buffer-overflow <pkg>/work/Opt_256/Fql.h:69 in restore_bits
Shadow bytes around the buggy address:
  0x0a167fff8420: fa fa fa fa fa fa fa fa fd fd fd fd fd fd fd fd
  0x0a167fff8430: fd fd fd fd fd fa fa fa fa fa fa fa fa fa fd fd
  0x0a167fff8440: fd fd fd fd fd fd fd fd fd fd fd fa fa fa fa fa
  0x0a167fff8450: fa fa fa fa fd fd fd fd fd fd fd fd fd fd fd fd
  0x0a167fff8460: fd fa fa fa fa fa fa fa fa fa 00 00 00 00 00 00
=>0x0a167fff8470: 00 00 00 00 00 00[04]fa fa fa fa fa fa fa fa fa
  0x0a167fff8480: fa fa fa fa fa fa fa fa fa fa fa fa fa fa fa fa
  0x0a167fff8490: fa fa fa fa fa fa fa fa fa fa fa fa fa fa fa fa
  0x0a167fff84a0: fa fa fa fa fa fa fa fa fa fa fa fa fa fa fa fa
  0x0a167fff84b0: fa fa fa fa fa fa fa fa fa fa fa fa fa fa fa fa
  0x0a167fff84c0: fa fa fa fa fa fa fa fa fa fa fa fa fa fa fa fa
Shadow byte legend (one shadow byte represents 8 application bytes):
  Addressable:           00
  Partially addressable: 01 02 03 04 05 06 07 
  Heap left redzone:       fa
  Freed heap region:       fd
  Stack left redzone:      f1
  Stack mid redzone:       f2
  Stack right redzone:     f3
  Stack after return:      f5
  Stack use after scope:   f8
  Global redzone:          f9
  Global init order:       f6
  Poisoned by user:        f7
  Container overflow:      fc
  Array cookie:            ac
  Intra object redzone:    bb
  ASan internal:           fe
  Left alloca redzone:     ca
  Right alloca redzone:    cb
  Shadow gap:              cc
==3024975==ABORTING
