verify with m_len = 2^64-16 ...
=================================================================
==3024143==ERROR: AddressSanitizer: heap-buffer-overflow on address 0x502000000010 at pc 0x5d9df956866c bp 0x7fff18c262d0 sp 0x7fff18c262c0
WRITE of size 16 at 0x502000000010 thread T0
    #0 0x5d9df956866b in memcpy /usr/include/x86_64-linux-gnu/bits/string_fortified.h:29
    #1 0x5d9df956866b in Expand_mu <pkg>/work/Ref_128/tsuov_core.c:421
    #2 0x5d9df956e190 in TSUOV_Verify <pkg>/work/Ref_128/tsuov_core.c:997
    #3 0x5d9df95678b6 in sig_verify <pkg>/work/Ref_128/SIG_AlgorithmInstance.c:118
    #4 0x5d9df955fbcc in main <pkg>/src/asan2.c:19
    #5 0x7aa069029d8f in __libc_start_call_main ../sysdeps/nptl/libc_start_call_main.h:58
    #6 0x7aa069029e3f in __libc_start_main_impl ../csu/libc-start.c:392
    #7 0x5d9df955f544 in _start (<pkg>/work/Ref_128/asan2+0x2544)

0x502000000011 is located 0 bytes to the right of 1-byte region [0x502000000010,0x502000000011)
allocated by thread T0 here:
    #0 0x7aa0694b4887 in __interceptor_malloc ../../../../src/libsanitizer/asan/asan_malloc_linux.cpp:145
    #1 0x5d9df95685a1 in Expand_mu <pkg>/work/Ref_128/tsuov_core.c:418
    #2 0x5d9df956e190 in TSUOV_Verify <pkg>/work/Ref_128/tsuov_core.c:997
    #3 0x5d9df95678b6 in sig_verify <pkg>/work/Ref_128/SIG_AlgorithmInstance.c:118
    #4 0x5d9df955fbcc in main <pkg>/src/asan2.c:19
    #5 0x7aa069029d8f in __libc_start_call_main ../sysdeps/nptl/libc_start_call_main.h:58

SUMMARY: AddressSanitizer: heap-buffer-overflow /usr/include/x86_64-linux-gnu/bits/string_fortified.h:29 in memcpy
Shadow bytes around the buggy address:
  0x0a047fff7fb0: 00 00 00 00 00 00 00 00 00 00 00 00 00 00 00 00
  0x0a047fff7fc0: 00 00 00 00 00 00 00 00 00 00 00 00 00 00 00 00
  0x0a047fff7fd0: 00 00 00 00 00 00 00 00 00 00 00 00 00 00 00 00
  0x0a047fff7fe0: 00 00 00 00 00 00 00 00 00 00 00 00 00 00 00 00
  0x0a047fff7ff0: 00 00 00 00 00 00 00 00 00 00 00 00 00 00 00 00
=>0x0a047fff8000: fa fa[01]fa fa fa fa fa fa fa fa fa fa fa fa fa
  0x0a047fff8010: fa fa fa fa fa fa fa fa fa fa fa fa fa fa fa fa
  0x0a047fff8020: fa fa fa fa fa fa fa fa fa fa fa fa fa fa fa fa
  0x0a047fff8030: fa fa fa fa fa fa fa fa fa fa fa fa fa fa fa fa
  0x0a047fff8040: fa fa fa fa fa fa fa fa fa fa fa fa fa fa fa fa
  0x0a047fff8050: fa fa fa fa fa fa fa fa fa fa fa fa fa fa fa fa
Shadow byte legend (one shadow byte represents 8 application bytes):
  Addressable:           00
  Partially addressable: 01 02 03 04 05 06 07 
  Heap left redzone:       fa
  Freed heap region:       fd
  Stack left redzone:      f1
  Stack mid redzone:       f2
  Stack right redzone:     f3
  Stack after return:      f5
  Stack use after scope:   f8
  Global redzone:          f9
  Global init order:       f6
  Poisoned by user:        f7
  Container overflow:      fc
  Array cookie:            ac
  Intra object redzone:    bb
  ASan internal:           fe
  Left alloca redzone:     ca
  Right alloca redzone:    cb
  Shadow gap:              cc
==3024143==ABORTING
