C1 done
C2 done
C3 done
R1 done
R2 done
R3 done
D1 done
D2 done
D3 done

=== TABLE 1 : model A (reference model, reproduces build/est/nev_dfr.out) ===
 set   spec blk   spec DFR   code blk   code DFR    delta
  C1   -161.146   -154.146   -161.327   -154.327   -0.181
  C2   -143.154   -135.154   -143.337   -135.337   -0.183
  C3   -168.717   -159.717   -168.895   -159.895   -0.178
  R1   -137.086   -130.086   -137.222   -130.222   -0.137
  R2   -162.867   -154.867   -163.021   -155.021   -0.155
  R3   -152.658   -143.658   -152.810   -143.810   -0.152
  D1   -138.741   -131.741   -138.810   -131.810   -0.069
  D2   -221.123   -213.123   -221.226   -213.226   -0.103
  D3   -305.472   -296.472   -305.606   -296.606   -0.133

=== TABLE 2 : model B (exact e', worst-case message M=1^l) ===
 set  spec DFR UB  code DFR UB    delta   LB spec   LB code  T2 claim   T7 DFR   T7 p*   p*-LB
  C1     -161.192     -161.607   -0.415  -171.282  -171.695      -160     -161    -170   +1.28
  C2     -141.527     -141.900   -0.373  -152.720  -153.092      -162     -162    -173  -20.28
  C3     -163.841     -164.276   -0.435  -175.972  -176.406      -163     -163    -175   +0.97
  R1     -134.758     -134.942   -0.185  -145.355  -145.540      -133     -134    -145   +0.36
  R2     -158.806     -159.031   -0.225  -170.332  -170.557      -158     -158    -170   +0.33
  R3     -147.497     -147.716   -0.220  -160.039  -160.258      -147     -147    -160   +0.04
  D1     -136.189     -136.267   -0.078  -147.016  -147.094      -136     -136    -147   +0.02
  D2     -217.308     -217.433   -0.125  -229.036  -229.161      -217     -217    -229   +0.04
  D3     -300.976     -301.153   -0.177  -313.595  -313.772      -301     -301    -313   +0.59

=== TABLE 3 : diagnostics ===
 set  eps  A0 spec DFR     cost of eprime WC  slope b/unit  eff. shift (units)  B0 (M=0) DFR
  C1   18     -161.550                -7.404        0.4113               1.008      -161.254
  C2   18     -141.806                -6.652        0.3696               1.009      -141.577
  C3   10     -164.044                -4.328        0.4328               1.005      -163.907
  R1   26     -134.857                -4.771        0.1835               1.006      -134.770
  R2   18     -158.903                -4.036        0.2242               1.005      -158.823
  R3   18     -147.586                -3.928        0.2182               1.006      -147.514
  D1   58     -136.227                -4.487        0.0774               1.006      -136.191
  D2   34     -217.365                -4.242        0.1248               1.004      -217.313
  D3   26     -301.061                -4.588        0.1765               1.003      -300.987

=== TABLE 4 : compressed C* sets (rounded T*_{1/3}), model B, all 16 y ===
 C1* spec DFR UB  -160.466  code  -160.879  delta -0.413  LB  -170.560  (uncompressed: -161.192)
 C2* spec DFR UB  -141.293  code  -141.666  delta -0.372  LB  -152.487  (uncompressed: -141.527)
 C3* spec DFR UB  -163.182  code  -163.615  delta -0.433  LB  -175.316  (uncompressed: -163.841)
